* using log directory 'C:/Users/KRC/Desktop/RForge/oompa/pkg/BetaModels.Rcheck'
* using R version 4.5.0 (2025-04-11 ucrt)
* using platform: x86_64-w64-mingw32
* R was compiled by
    gcc.exe (GCC) 14.2.0
    GNU Fortran (GCC) 14.2.0
* running under: Windows 11 x64 (build 26100)
* using session charset: UTF-8
* using option '--as-cran'
* checking for file 'BetaModels/DESCRIPTION' ... OK
* this is package 'BetaModels' version '0.6.2'
* checking CRAN incoming feasibility ... [13s] NOTE
Maintainer: 'Kevin R. Coombes <krc@silicovore.com>'

New submission

No suitable spell-checker program found
* checking package namespace information ... OK
* checking package dependencies ... OK
* checking if this is a source package ... OK
* checking if there is a namespace ... OK
* checking for executable files ... OK
* checking for hidden files and directories ... OK
* checking for portable file names ... OK
* checking whether package 'BetaModels' can be installed ... OK
* checking installed package size ... OK
* checking package directory ... OK
* checking for future file timestamps ... NOTE
unable to verify current time
* checking DESCRIPTION meta-information ... OK
* checking top-level files ... OK
* checking for left-over files ... OK
* checking index information ... OK
* checking package subdirectories ... OK
* checking code files for non-ASCII characters ... OK
* checking R files for syntax errors ... OK
* checking whether the package can be loaded ... OK
* checking whether the package can be loaded with stated dependencies ... OK
* checking whether the package can be unloaded cleanly ... OK
* checking whether the namespace can be loaded with stated dependencies ... OK
* checking whether the namespace can be unloaded cleanly ... OK
* checking use of S3 registration ... OK
* checking dependencies in R code ... OK
* checking S3 generic/method consistency ... OK
* checking replacement functions ... OK
* checking foreign function calls ... OK
* checking R code for possible problems ... OK
* checking Rd files ... OK
* checking Rd metadata ... OK
* checking Rd line widths ... OK
* checking Rd cross-references ... OK
* checking for missing documentation entries ... OK
* checking for code/documentation mismatches ... OK
* checking Rd \usage sections ... OK
* checking Rd contents ... OK
* checking for unstated dependencies in examples ... OK
* checking examples ... OK
* checking for unstated dependencies in 'tests' ... OK
* checking tests ... NOTE
  Running '00-betarate.R'
  Comparing '00-betarate.Rout' to '00-betarate.Rout.save' ... OK
  Running '01-betamixture.R'
  Comparing '01-betamixture.Rout' to '01-betamixture.Rout.save' ...36c36
<   NA/NaN replaced by maximum positive value
---
>   NA/Inf replaced by maximum positive value
38c38
<   NA/NaN replaced by maximum positive value
---
>   NA/Inf replaced by maximum positive value
40c40
<   NA/NaN replaced by maximum positive value
---
>   NA/Inf replaced by maximum positive value
  Running '02-betaunif.R'
  Comparing '02-betaunif.Rout' to '02-betaunif.Rout.save' ...40c40
<   NA/NaN replaced by maximum positive value
---
>   NA/Inf replaced by maximum positive value
42c42
<   NA/NaN replaced by maximum positive value
---
>   NA/Inf replaced by maximum positive value
44c44
<   NA/NaN replaced by maximum positive value
---
>   NA/Inf replaced by maximum positive value
46c46
<   NA/NaN replaced by maximum positive value
---
>   NA/Inf replaced by maximum positive value
48c48
<   NA/NaN replaced by maximum positive value
---
>   NA/Inf replaced by maximum positive value
50c50
<   NA/NaN replaced by maximum positive value
---
>   NA/Inf replaced by maximum positive value
52c52
<   NA/NaN replaced by maximum positive value
---
>   NA/Inf replaced by maximum positive value
54c54
<   NA/NaN replaced by maximum positive value
---
>   NA/Inf replaced by maximum positive value
  Running '04-betaCorr.R'
  Comparing '04-betaCorr.Rout' to '04-betaCorr.Rout.save' ... OK
* checking PDF version of manual ... OK
* checking HTML version of manual ... OK
* checking for non-standard things in the check directory ... OK
* checking for detritus in the temp directory ... OK
* DONE
Status: 3 NOTEs
